../Core/Src/main.c:83:5:main	8	static
../Core/Src/main.c:158:6:SystemClock_Config	88	static
../Core/Src/main.c:205:13:MX_DCMI_Init	8	static
../Core/Src/main.c:238:13:MX_I2C1_Init	8	static
../Core/Src/main.c:286:13:MX_USART3_UART_Init	8	static
../Core/Src/main.c:319:13:MX_USB_OTG_FS_PCD_Init	8	static
../Core/Src/main.c:352:13:MX_DMA_Init	16	static
../Core/Src/main.c:377:13:MX_GPIO_Init	56	static
../Core/Src/main.c:475:6:HAL_TIM_PeriodElapsedCallback	16	static
../Core/Src/main.c:492:6:Error_Handler	8	static,ignoring_inline_asm
