../Core/Src/ov5640.c:24:9:OV5640_WR_Reg	24	static
../Core/Src/ov5640.c:37:9:OV5640_RD_Reg	24	static
../Core/Src/ov5640.c:55:9:OV5640_Init	16	static
../Core/Src/ov5640.c:84:6:OV5640_JPEG_Mode	16	static
../Core/Src/ov5640.c:94:6:OV5640_RGB565_Mode	16	static
../Core/Src/ov5640.c:116:6:OV5640_Exposure	16	static
../Core/Src/ov5640.c:144:6:OV5640_Light_Mode	32	static
../Core/Src/ov5640.c:167:6:OV5640_Color_Saturation	32	static
../Core/Src/ov5640.c:183:6:OV5640_Brightness	24	static
../Core/Src/ov5640.c:198:6:OV5640_Contrast	24	static
../Core/Src/ov5640.c:235:6:OV5640_Sharpness	16	static
../Core/Src/ov5640.c:267:6:OV5640_Special_Effects	16	static
../Core/Src/ov5640.c:281:6:OV5640_Flash_Lamp	16	static
../Core/Src/ov5640.c:290:9:OV5640_OutSize_Set	24	static
../Core/Src/ov5640.c:312:9:OV5640_Focus_Init	16	static
../Core/Src/ov5640.c:343:9:OV5640_Auto_Focus	16	static
../Core/Src/ov5640.c:370:6:jpeg_test	16	static
../Core/Src/ov5640.c:417:6:rgb565_test	8	static
../Core/Src/ov5640.c:471:6:jpeg_dcmi_frame_callback	40	static
../Core/Src/ov5640.c:513:6:HAL_DCMI_FrameEventCallback	16	static
