../Core/Src/stm32f4xx_it.c:75:6:NMI_Handler	4	static
../Core/Src/stm32f4xx_it.c:90:6:HardFault_Handler	4	static
../Core/Src/stm32f4xx_it.c:105:6:MemManage_Handler	4	static
../Core/Src/stm32f4xx_it.c:120:6:BusFault_Handler	4	static
../Core/Src/stm32f4xx_it.c:135:6:UsageFault_Handler	4	static
../Core/Src/stm32f4xx_it.c:150:6:SVC_Handler	4	static
../Core/Src/stm32f4xx_it.c:163:6:DebugMon_Handler	4	static
../Core/Src/stm32f4xx_it.c:176:6:PendSV_Handler	4	static
../Core/Src/stm32f4xx_it.c:189:6:SysTick_Handler	4	static
../Core/Src/stm32f4xx_it.c:210:6:DMA1_Stream1_IRQHandler	8	static
../Core/Src/stm32f4xx_it.c:224:6:DMA1_Stream3_IRQHandler	8	static
../Core/Src/stm32f4xx_it.c:238:6:USART3_IRQHandler	8	static
../Core/Src/stm32f4xx_it.c:252:6:TIM8_TRG_COM_TIM14_IRQHandler	8	static
../Core/Src/stm32f4xx_it.c:266:6:DMA2_Stream1_IRQHandler	8	static
../Core/Src/stm32f4xx_it.c:280:6:DCMI_IRQHandler	8	static
